// Jest Snapshot v1, https://goo.gl/fbAQLP

exports[`pegParser /Users/ycmjason/Development/frograming/packages/@frograming/language/src/__tests__/frogram-specs/frogs/01.frog 1`] = `
Array [
  "moveDown",
  "moveUp",
  "moveDown",
  "moveDown",
  Object {
    "!isCarUp&&isCarLeft||isLogUp": Array [
      "moveDown",
      "moveLeft",
      "moveUp",
      Object {
        "else": Array [
          "moveLeft",
        ],
        "isCarUp": Array [
          "moveUp",
        ],
      },
      "moveLeft",
      "moveUp",
      Object {
        "else": Array [
          "moveLeft",
        ],
        "isCarUp": Array [
          "moveUp",
        ],
      },
    ],
    "else": Array [
      "moveUp",
    ],
  },
]
`;
